// Jest Snapshot v1, https://goo.gl/fbAQLP

exports[`Card renders an outlined card 1`] = `
<div
  className="css-view-175oi2r"
  dir={null}
  style={
    Object {
      "backgroundColor": "rgba(255,251,254,1.00)",
      "borderBottomLeftRadius": "4px",
      "borderBottomRightRadius": "4px",
      "borderTopLeftRadius": "4px",
      "borderTopRightRadius": "4px",
    }
  }
>
  <div
    className="css-view-175oi2r r-borderWidth-rs99b7 r-height-1pi2tsx r-position-u8s1d r-width-13qz1uu r-zIndex-136ojw6 r-pointerEvents-633pao"
    dir={null}
    style={
      Object {
        "borderBottomColor": "rgba(121,116,126,1.00)",
        "borderBottomLeftRadius": "4px",
        "borderBottomRightRadius": "4px",
        "borderLeftColor": "rgba(121,116,126,1.00)",
        "borderRightColor": "rgba(121,116,126,1.00)",
        "borderTopColor": "rgba(121,116,126,1.00)",
        "borderTopLeftRadius": "4px",
        "borderTopRightRadius": "4px",
      }
    }
  />
  <div
    aria-disabled={true}
    className="css-view-175oi2r r-flexGrow-16y2uox r-flexShrink-1wbh5a2"
    dir={null}
    onClick={[Function]}
    onContextMenu={[Function]}
    onKeyDown={[Function]}
    tabIndex="-1"
  />
</div>
`;
